    className="placeholder:color-[#717171] px-3 py-[6px] text-[16px] text-white"