            "https://localhost:8080/*",
            "https://localhost:8080",
      "keycloakVersion": "21.1.1",
            "https://localhost:8080/*",
            "https://localhost:8080",
      "keycloakVersion": "21.1.1",