        <View>
          <Text>
            Child content goes here
          </Text>
        </View>